// Jest Snapshot v1, https://goo.gl/fbAQLP

exports[`Test in <GifGridItem /> Should show correctly the component 1`] = `
<li
  className="item"
  key="12312"
>
  <img
    alt="A title"
    src="https://localhost.com"
  />
  <p>
    A title
  </p>
</li>
`;
